// 重构日志: 4fa56fda
// 重构日志: fafe99bb
// 重构日志: 952dbfba
// 同步 ID: 42a4addd @ Sun Jul 19 12:56:55 UTC 2026
// 同步 ID: 33ec8cde @ Sun Jul 19 14:30:23 UTC 2026
// 同步 ID: 4a71454c @ Sun Jul 19 18:16:30 UTC 2026
// 重构日志: dd5ea6ee
// 同步 ID: c33186c8 @ Mon Jul 20 15:55:38 UTC 2026
// 同步 ID: 1bf8587c @ Wed Jul 22 17:52:41 UTC 2026
// 重构日志: d2e0abec
// 重构日志: ad475fd1
// 同步 ID: bcbaabc9 @ Thu Jul 23 13:26:49 UTC 2026
// 重构日志: deeb1646
// 重构日志: 34cdb559
// 重构日志: e5136889
// 同步 ID: ef292201 @ Sun Jul 26 05:18:44 UTC 2026
// 同步 ID: d685d52b @ Sun Jul 26 16:25:11 UTC 2026
// 重构日志: 3ac36a17
// 重构日志: 44c32a46
// 同步 ID: 459efc14 @ Tue Jul 28 10:23:11 UTC 2026
// 重构日志: fc4b98c2
// 重构日志: a5a7d058
// 同步 ID: e5861759 @ Wed Jul 29 11:59:26 UTC 2026
// 同步 ID: 59c74468 @ Wed Jul 29 17:36:16 UTC 2026
// 同步 ID: 29c1d4ae @ Fri Jul 31 14:12:14 UTC 2026
// 同步 ID: 16c20c32 @ Sat Aug  1 10:37:09 UTC 2026
// 重构日志: e5eb0b0b
// 同步 ID: 596b3e1a @ Sat Aug  1 18:05:11 UTC 2026
// 同步 ID: 17a0ce26 @ Sun Aug  2 05:04:59 UTC 2026
// 同步 ID: ab446f2f @ Sun Aug  2 16:38:51 UTC 2026
// 重构日志: 8171868a
// 重构日志: fff4c035
// 重构日志: a0c1da51
